mode: set
github.com/conductor/fleet-commander/internal/executor/resolver.go:16.107,22.46 2 1
github.com/conductor/fleet-commander/internal/executor/resolver.go:22.46,24.28 2 1
github.com/conductor/fleet-commander/internal/executor/resolver.go:24.28,26.4 1 0
github.com/conductor/fleet-commander/internal/executor/resolver.go:27.3,28.30 2 1
github.com/conductor/fleet-commander/internal/executor/resolver.go:28.30,30.4 1 0
github.com/conductor/fleet-commander/internal/executor/resolver.go:33.2,33.10 1 1
github.com/conductor/fleet-commander/internal/executor/resolver.go:36.78,38.2 1 1
github.com/conductor/fleet-commander/internal/executor/resolver.go:40.81,42.2 1 1
github.com/conductor/fleet-commander/internal/executor/resolver.go:44.92,46.12 2 1
github.com/conductor/fleet-commander/internal/executor/resolver.go:46.12,48.3 1 1
github.com/conductor/fleet-commander/internal/executor/resolver.go:50.2,51.47 2 1
github.com/conductor/fleet-commander/internal/executor/resolver.go:51.47,53.3 1 0
github.com/conductor/fleet-commander/internal/executor/resolver.go:55.2,56.12 2 1
github.com/conductor/fleet-commander/internal/executor/resolver.go:56.12,58.3 1 0
github.com/conductor/fleet-commander/internal/executor/resolver.go:60.2,67.16 3 1
github.com/conductor/fleet-commander/internal/executor/resolver.go:67.16,69.3 1 0
github.com/conductor/fleet-commander/internal/executor/resolver.go:71.2,71.21 1 1
github.com/conductor/fleet-commander/internal/executor/resolver.go:71.21,73.3 1 0
github.com/conductor/fleet-commander/internal/executor/resolver.go:75.2,77.36 3 1
github.com/conductor/fleet-commander/internal/executor/resolver.go:77.36,78.88 1 1
github.com/conductor/fleet-commander/internal/executor/resolver.go:78.88,80.4 1 1
github.com/conductor/fleet-commander/internal/executor/resolver.go:83.2,83.27 1 1
github.com/conductor/fleet-commander/internal/executor/resolver.go:86.59,89.2 2 0
github.com/conductor/fleet-commander/internal/executor/resolver.go:91.55,98.18 6 1
github.com/conductor/fleet-commander/internal/executor/resolver.go:98.18,99.14 1 1
github.com/conductor/fleet-commander/internal/executor/resolver.go:99.14,103.4 3 1
github.com/conductor/fleet-commander/internal/executor/resolver.go:106.2,106.26 1 1
github.com/conductor/fleet-commander/internal/executor/resolver.go:106.26,107.14 1 1
github.com/conductor/fleet-commander/internal/executor/resolver.go:107.14,111.12 4 0
github.com/conductor/fleet-commander/internal/executor/resolver.go:114.3,114.30 1 1
github.com/conductor/fleet-commander/internal/executor/resolver.go:114.30,116.12 2 0
github.com/conductor/fleet-commander/internal/executor/resolver.go:119.3,119.17 1 1
github.com/conductor/fleet-commander/internal/executor/resolver.go:119.17,120.18 1 1
github.com/conductor/fleet-commander/internal/executor/resolver.go:120.18,122.13 2 1
github.com/conductor/fleet-commander/internal/executor/resolver.go:124.4,126.12 3 1
github.com/conductor/fleet-commander/internal/executor/resolver.go:129.3,129.12 1 1
github.com/conductor/fleet-commander/internal/executor/resolver.go:130.18,132.18 2 1
github.com/conductor/fleet-commander/internal/executor/resolver.go:133.30,134.11 1 1
github.com/conductor/fleet-commander/internal/executor/resolver.go:135.11,137.18 2 1
github.com/conductor/fleet-commander/internal/executor/resolver.go:141.2,141.13 1 1
github.com/conductor/fleet-commander/internal/executor/resolver.go:141.13,143.3 1 0
github.com/conductor/fleet-commander/internal/executor/resolver.go:144.2,144.16 1 1
github.com/conductor/fleet-commander/internal/executor/resolver.go:144.16,146.3 1 0
github.com/conductor/fleet-commander/internal/executor/resolver.go:147.2,148.19 2 1
github.com/conductor/fleet-commander/internal/executor/service.go:28.42,30.3 1 0
github.com/conductor/fleet-commander/internal/executor/service.go:41.130,48.2 1 1
github.com/conductor/fleet-commander/internal/executor/service.go:50.139,52.65 2 1
github.com/conductor/fleet-commander/internal/executor/service.go:52.65,53.55 1 0
github.com/conductor/fleet-commander/internal/executor/service.go:53.55,56.4 2 0
github.com/conductor/fleet-commander/internal/executor/service.go:57.3,57.38 1 0
github.com/conductor/fleet-commander/internal/executor/service.go:59.2,62.16 3 1
github.com/conductor/fleet-commander/internal/executor/service.go:62.16,64.3 1 1
github.com/conductor/fleet-commander/internal/executor/service.go:66.2,68.53 2 0
github.com/conductor/fleet-commander/internal/executor/service.go:68.53,70.3 1 0
github.com/conductor/fleet-commander/internal/executor/service.go:72.2,77.27 5 0
github.com/conductor/fleet-commander/internal/executor/service.go:77.27,78.13 1 0
github.com/conductor/fleet-commander/internal/executor/service.go:78.13,79.48 1 0
github.com/conductor/fleet-commander/internal/executor/service.go:79.48,81.5 1 0
github.com/conductor/fleet-commander/internal/executor/service.go:85.2,86.12 2 0
github.com/conductor/fleet-commander/internal/executor/service.go:89.104,90.20 1 1
github.com/conductor/fleet-commander/internal/executor/service.go:90.20,92.3 1 1
github.com/conductor/fleet-commander/internal/executor/service.go:94.2,95.16 2 1
github.com/conductor/fleet-commander/internal/executor/service.go:95.16,97.3 1 0
github.com/conductor/fleet-commander/internal/executor/service.go:99.2,99.19 1 1
github.com/conductor/fleet-commander/internal/executor/service.go:99.19,101.3 1 1
github.com/conductor/fleet-commander/internal/executor/service.go:103.2,103.54 1 0
github.com/conductor/fleet-commander/internal/executor/service.go:103.54,105.3 1 0
github.com/conductor/fleet-commander/internal/executor/service.go:107.2,107.23 1 0
github.com/conductor/fleet-commander/internal/executor/service.go:110.67,114.62 3 0
github.com/conductor/fleet-commander/internal/executor/service.go:114.62,121.3 6 0
github.com/conductor/fleet-commander/internal/executor/service.go:123.2,123.68 1 0
github.com/conductor/fleet-commander/internal/executor/service.go:126.93,131.2 4 0
github.com/conductor/fleet-commander/internal/executor/service.go:133.85,135.16 2 0
github.com/conductor/fleet-commander/internal/executor/service.go:135.16,138.3 2 0
github.com/conductor/fleet-commander/internal/executor/service.go:139.2,142.21 3 0
github.com/conductor/fleet-commander/internal/executor/service.go:142.21,145.3 2 0
github.com/conductor/fleet-commander/internal/executor/service.go:147.2,148.13 2 0
github.com/conductor/fleet-commander/internal/executor/service.go:148.13,151.3 2 0
github.com/conductor/fleet-commander/internal/executor/service.go:153.2,154.9 2 0
github.com/conductor/fleet-commander/internal/executor/service.go:154.9,157.3 2 0
github.com/conductor/fleet-commander/internal/executor/service.go:159.2,162.6 3 0
github.com/conductor/fleet-commander/internal/executor/service.go:162.6,163.10 1 0
github.com/conductor/fleet-commander/internal/executor/service.go:164.31,165.11 1 0
github.com/conductor/fleet-commander/internal/executor/service.go:165.11,167.5 1 0
github.com/conductor/fleet-commander/internal/executor/service.go:169.4,169.47 1 0
github.com/conductor/fleet-commander/internal/executor/service.go:169.47,172.5 2 0
github.com/conductor/fleet-commander/internal/executor/service.go:173.38,174.53 1 0
github.com/conductor/fleet-commander/internal/executor/service.go:174.53,177.5 2 0
